catalog.go:1:1-51	file	go://example.com/app#catalog.go:file	catalog.go	parent=catalog.go:1:9	exported=false	blank=false
catalog.go:1:9-1	package	go://example.com/app#	example.com/app	parent=	exported=false	blank=false
catalog.go:6:6-9	interface	go://example.com/app#Fetcher	Fetcher	parent=catalog.go:1:9	exported=true	blank=false
catalog.go:7:2-7	interface-method	go://example.com/app#Fetcher.Fetch	Fetcher.Fetch	parent=catalog.go:6:6	exported=true	blank=false
catalog.go:8:2-8	interface-method	go://example.com/app#Fetcher.fetchInternal	Fetcher.fetchInternal	parent=catalog.go:6:6	exported=false	blank=false
catalog.go:12:6-16	type	go://example.com/app#Catalog	Catalog	parent=catalog.go:1:9	exported=true	blank=false
catalog.go:13:2-13	field	go://example.com/app#Catalog.entries	Catalog.entries	parent=catalog.go:12:6	exported=false	blank=false
catalog.go:14:2-14	field	go://example.com/app#Catalog.Tools	Catalog.Tools	parent=catalog.go:12:6	exported=true	blank=false
catalog.go:14:20-14	field	go://example.com/app#Catalog.Tools.Name	Catalog.Tools.Name	parent=catalog.go:14:2	exported=true	blank=false
catalog.go:15:2-15	field	go://example.com/app#Catalog	Catalog._	parent=catalog.go:12:6	exported=false	blank=true
catalog.go:19:6-21	type	go://example.com/app#Buffered	Buffered	parent=catalog.go:1:9	exported=true	blank=false
catalog.go:20:3-20	field	go://example.com/app#Buffered.Catalog	Buffered.Catalog	parent=catalog.go:19:6	exported=true	blank=false
catalog.go:24:6-24	type	go://example.com/app#Alias	Alias	parent=catalog.go:1:9	exported=true	blank=false
catalog.go:26:6-26	type	go://example.com/app#Tier	Tier	parent=catalog.go:1:9	exported=true	blank=false
catalog.go:28:7-28	constant	go://example.com/app#Exact	Exact	parent=catalog.go:1:9	exported=true	blank=false
catalog.go:30:5-30	variable	go://example.com/app#ErrNotFound	ErrNotFound	parent=catalog.go:1:9	exported=true	blank=false
catalog.go:32:5-32	variable	go://example.com/app#	_	parent=catalog.go:1:9	exported=false	blank=true
catalog.go:34:6-34	function	go://example.com/app#Resolve	Resolve	parent=catalog.go:1:9	exported=true	blank=false
catalog.go:36:6-36	function	go://example.com/app#normalize	normalize	parent=catalog.go:1:9	exported=false	blank=false
catalog.go:38:19-38	method	go://example.com/app#Catalog.ResolveAlias	(*Catalog).ResolveAlias	parent=catalog.go:12:6	exported=true	blank=false
catalog.go:40:18-40	method	go://example.com/app#Catalog.Size	Catalog.Size	parent=catalog.go:12:6	exported=true	blank=false
catalog.go:42:6-49	function	go://example.com/app#Best	Best	parent=catalog.go:1:9	exported=true	blank=false
catalog.go:42:11-42	type-parameter	go://example.com/app#Best[T]	Best[T]	parent=catalog.go:42:6	exported=true	blank=false
catalog.go:51:6-51	function	go://example.com/app#init	init	parent=catalog.go:1:9	exported=false	blank=false
internal/queue/queue.go:1:1-12	file	go://example.com/app/internal/queue#queue.go:file	queue.go	parent=internal/queue/queue.go:1:9	exported=false	blank=false
internal/queue/queue.go:1:9-1	package	go://example.com/app/internal/queue#	example.com/app/internal/queue	parent=	exported=false	blank=false
internal/queue/queue.go:4:6-6	type	go://example.com/app/internal/queue#List	List	parent=internal/queue/queue.go:1:9	exported=true	blank=false
internal/queue/queue.go:5:2-5	field	go://example.com/app/internal/queue#List.items	List.items	parent=internal/queue/queue.go:4:6	exported=false	blank=false
internal/queue/queue.go:9:19-9	method	go://example.com/app/internal/queue#List.Push	(*List).Push	parent=internal/queue/queue.go:4:6	exported=true	blank=false
internal/queue/queue.go:12:19-12	method	go://example.com/app/internal/queue#List.Contains	(*List).Contains	parent=internal/queue/queue.go:4:6	exported=true	blank=false
internal/queue/queue.go:12:28-12	type-parameter	go://example.com/app/internal/queue#List.Contains[U]	(*List).Contains[U]	parent=internal/queue/queue.go:12:19	exported=true	blank=false
tier.go:1:1-9	file	go://example.com/app#tier.go:file	tier.go	parent=catalog.go:1:9	exported=false	blank=false
tier.go:4:15-9	method	go://example.com/app#Tier.String	Tier.String	parent=catalog.go:26:6	exported=true	blank=false
