shared	Counter	type-use	false	counter.go:19:12
Assign	count	write	false	counter.go:23:2
Assign	count	read	false	counter.go:24:9
Compound	count	write	false	counter.go:28:24
Increment	count	write	false	counter.go:31:20
Address	count	read	false	counter.go:35:31
Selector	shared	read	false	counter.go:38:24
Selector	Counter.total	write	false	counter.go:38:31
Element	Counter	type-use	false	counter.go:41:17
Element	Counter.names	read	false	counter.go:41:50
Indirect	slot	read	false	counter.go:44:25
Entry	index	read	false	counter.go:47:33
Swap	Counter	type-use	false	counter.go:50:14
Swap	Counter.total	write	false	counter.go:50:27
Swap	count	write	false	counter.go:50:34
Swap	count	read	false	counter.go:50:42
Swap	Counter.total	read	false	counter.go:50:51
Loop	count	write	false	counter.go:54:6
