shared	Counter	type-use	false	counter.go:19:12
Assign	count	write	false	counter.go:23:2
Assign	count	read	false	counter.go:24:9
Compound	count	write	false	counter.go:28:24
Increment	count	write	false	counter.go:31:20
Address	count	read	false	counter.go:35:31
Selector	shared	read	false	counter.go:38:24
Selector	Counter.total	write	false	counter.go:38:31
Element	Counter	type-use	false	counter.go:41:17
Element	Counter.names	write	false	counter.go:41:50
Indirect	slot	read	false	counter.go:44:25
Entry	index	write	false	counter.go:47:33
Swap	Counter	type-use	false	counter.go:50:14
Swap	Counter.total	write	false	counter.go:50:27
Swap	count	write	false	counter.go:50:34
Swap	count	read	false	counter.go:50:42
Swap	Counter.total	read	false	counter.go:50:51
Loop	count	write	false	counter.go:54:6
high	Tier	type-use	false	counter.go:62:12
Record.tier	Tier	type-use	false	counter.go:67:8
Keyed	Record	type-use	false	counter.go:80:26
Keyed	Record	type-use	false	counter.go:80:42
Keyed	Record.label	write	false	counter.go:80:49
Keyed	Record.tier	write	false	counter.go:80:63
Keyed	high	read	false	counter.go:80:69
Elided	Record	type-use	false	counter.go:83:17
Elided	Record	type-use	false	counter.go:83:35
Elided	Record.label	write	false	counter.go:83:43
Mapped	Tier	type-use	false	counter.go:86:19
Mapped	Tier	type-use	false	counter.go:86:41
Mapped	high	read	false	counter.go:86:50
Remove	entries	write	false	counter.go:89:34
Grow	queue	write	false	counter.go:92:26
Grow	queue	write	false	counter.go:92:41
Spare	spare	write	false	counter.go:96:16
Spare	queue	read	false	counter.go:96:31
Fill	Counter	type-use	false	counter.go:100:14
Fill	Counter.names	write	false	counter.go:100:40
Fill	Counter.names	write	false	counter.go:100:57
Crossed	Bucket	type-use	false	counter.go:113:17
Crossed	Bucket.spare	write	false	counter.go:113:42
Crossed	Bucket.names	read	false	counter.go:113:59
Mismatched	Counter	type-use	false	counter.go:117:20
Mismatched	Bucket	type-use	false	counter.go:117:32
Mismatched	Bucket.names	write	false	counter.go:117:57
Mismatched	Counter.names	read	false	counter.go:117:74
Accumulate	tally	write	false	counter.go:120:38
