Reader	Fetcher	embed	false	catalog.go:11:2
Reader.Read	Tier	type-use	false	catalog.go:12:9
Stored	Catalog	type-use	false	catalog.go:18:2
Stored	Buffered	type-use	false	catalog.go:18:12
Exact	Tier	type-use	false	catalog.go:25:13
Catalog.entries	Tier	type-use	false	catalog.go:29:21
Catalog.pair.low	Tier	type-use	false	catalog.go:30:28
Catalog.pair.high	Tier	type-use	false	catalog.go:30:28
Buffered.Catalog	Catalog	embed	false	catalog.go:35:3
Buffered.Fetcher	Fetcher	embed	false	catalog.go:36:2
lonely	Tier	type-use	false	catalog.go:40:12
(*Catalog).Size	Catalog	type-use	false	catalog.go:43:10
(*Catalog).Size	Tier	type-use	false	catalog.go:43:26
(*Catalog).Size	Tier	conversion	false	catalog.go:43:40
(*Catalog).Size	Catalog.entries	read	false	catalog.go:43:51
Promoted	Buffered	type-use	false	catalog.go:47:17
Promoted	Tier	type-use	false	catalog.go:47:39
Promoted	Catalog.entries	read	false	catalog.go:48:12
Promoted	Buffered.Catalog	read	false	catalog.go:48:12
Promoted	Buffered.Fetcher	read	false	catalog.go:49:14
Promoted	Fetcher.Fetch	call	false	catalog.go:49:14
Promoted	Catalog.pair	read	false	catalog.go:52:18
Promoted	Buffered.Catalog	read	false	catalog.go:52:18
Promoted	Catalog.pair.low	read	false	catalog.go:52:23
Depth	Tier	type-use	false	catalog.go:57:14
Depth	Tier	type-use	false	catalog.go:57:20
Depth	Exact	read	false	catalog.go:59:10
Depth	Depth	call	false	catalog.go:61:9
Classify	Tier	type-use	false	catalog.go:66:22
Classify	Catalog	assert	false	catalog.go:68:8
Classify	(*Catalog).Size	call	false	catalog.go:69:12
Classify	Fetcher	assert	false	catalog.go:70:7
Classify	Exact	read	false	catalog.go:72:10
Classify	Tier	conversion	false	catalog.go:74:9
Assert	Catalog	type-use	false	catalog.go:78:21
Assert	Catalog	assert	false	catalog.go:78:42
Constrained[F]	Fetcher	type-use	false	catalog.go:82:20
Constrained	Constrained[F]	type-use	false	catalog.go:82:31
Constrained	Fetcher.Fetch	call	false	catalog.go:82:51
Pair[A]	Fetcher	type-use	false	catalog.go:86:16
Pair[B]	Fetcher	type-use	false	catalog.go:86:16
Pair	Pair[A]	type-use	false	catalog.go:86:27
Pair	Pair[B]	type-use	false	catalog.go:86:32
Pair	Fetcher.Fetch	call	false	catalog.go:87:14
Pair	Fetcher.Fetch	call	false	catalog.go:90:11
