reference	Resolve	normalize	call	catalog.go:7:43	test=false
reference	TestNormalize	normalize	call	catalog_test.go:6:12	test=true
reference	TestResolve	Resolve	call	external_test.go:10:19	test=true
candidate	Resolve	reference-counting	production=0	test=1	testOfDeadCode=false
candidate	normalize	reachability	production=1	test=1	testOfDeadCode=false
candidate	orphan	reference-counting	production=0	test=0	testOfDeadCode=false
candidate	TestNormalize	reference-counting	production=0	test=0	testOfDeadCode=true
candidate	TestResolve	reference-counting	production=0	test=0	testOfDeadCode=true
component	0	members=Resolve TestResolve	roots=Resolve TestResolve	falls=Resolve normalize TestNormalize TestResolve	lines=12
component	1	members=orphan	roots=orphan	falls=orphan	lines=1
component	2	members=normalize TestNormalize	roots=TestNormalize	falls=normalize TestNormalize	lines=6
live	normalize	reference-counting
