shapes.go:47:14	*example.com/shapes.Pointed	shapes.Counter	implements=true
shapes.go:48:14	example.com/shapes.Holder	shapes.Counter	implements=true
shapes.go:53:24	example.com/shapes.Holder	shapes.Counter	implements=true
shapes.go:56:32	example.com/shapes.Holder	shapes.Counter	implements=true
shapes.go:59:47	example.com/shapes.Holder	shapes.Counter	implements=true
shapes.go:59:47	example.com/shapes.Holder	shapes.Counter	implements=true
shapes.go:66:16	example.com/shapes.Holder	shapes.Counter	implements=true
shapes.go:66:26	*example.com/shapes.Pointed	shapes.Counter	implements=true
shapes.go:67:18	example.com/shapes.Holder	shapes.Counter	implements=true
shapes.go:67:21	*example.com/shapes.Pointed	shapes.Counter	implements=true
shapes.go:68:20	example.com/shapes.Holder	shapes.Counter	implements=true
shapes.go:70:16	example.com/shapes.Holder	shapes.Counter	implements=true
shapes.go:70:16	example.com/shapes.Holder	shapes.Counter	implements=true
shapes.go:71:20	example.com/shapes.Holder	shapes.Counter	implements=true
shapes.go:72:21	example.com/shapes.Holder	shapes.Counter	implements=true
shapes.go:72:24	*example.com/shapes.Pointed	shapes.Counter	implements=true
shapes.go:81:17	example.com/shapes.Holder	shapes.Counter	implements=true
shapes.go:81:25	example.com/shapes.Holder	any	implements=true
shapes.go:90:18	example.com/shapes.Holder	shapes.Counter	implements=true
shapes.go:91:6	*example.com/shapes.Pointed	shapes.Counter	implements=true
shapes.go:93:16	example.com/shapes.Holder	shapes.Counter	implements=true
shapes.go:94:10	*example.com/shapes.Pointed	shapes.Counter	implements=true
shapes.go:95:20	example.com/shapes.Holder	shapes.Counter	implements=true
shapes.go:98:12	example.com/shapes.Holder	shapes.Counter	implements=true
shapes.go:100:15	*example.com/shapes.Pointed	shapes.Counter	implements=true
shapes.go:104:12	example.com/shapes.Holder	shapes.Counter	implements=true
shapes.go:117:20	example.com/shapes.Holder	shapes.Counter	implements=true
shapes.go:117:23	*example.com/shapes.Pointed	shapes.Counter	implements=true
shapes.go:118:25	example.com/shapes.Holder	shapes.Counter	implements=true
shapes.go:118:31	*example.com/shapes.Pointed	shapes.Counter	implements=true
shapes.go:119:31	example.com/shapes.Holder	shapes.Counter	implements=true
shapes.go:119:34	*example.com/shapes.Pointed	shapes.Counter	implements=true
shapes.go:120:25	example.com/shapes.Holder	shapes.Counter	implements=true
shapes.go:123:8	example.com/shapes.Holder	shapes.Counter	implements=true
shapes.go:125:22	example.com/shapes.Holder	shapes.Counter	implements=true
shapes.go:136:19	example.com/shapes.Holder	shapes.Counter	implements=true
shapes.go:139:16	example.com/shapes.Holder	shapes.Counter	implements=true
shapes.go:150:13	example.com/shapes.Holder	shapes.Counter	implements=true
shapes.go:151:10	*example.com/shapes.Pointed	shapes.Counter	implements=true
shapes.go:152:37	example.com/shapes.Holder	shapes.Counter	implements=true
shapes.go:169:22	example.com/shapes.Holder	shapes.Counter	implements=true
