{
  "schema_version": "5.0.0",
  "contract_version": "1.7.0",
  "analyzer": {
    "name": "deadset-go",
    "version": "1.6.0",
    "languages": [
      "go"
    ],
    "schema_versions_accepted": [
      "5.0.0"
    ],
    "conformance": {
      "corpus_version": "1.0.0",
      "result": "pass",
      "digest": "sha256:abababababababababababababababababababababababababababababababab"
    }
  },
  "target": {
    "kind": "library",
    "root": ".",
    "identity": "example.com/app"
  },
  "configurations": [
    {
      "id": "linux-amd64",
      "os": "linux",
      "arch": "amd64",
      "tags": []
    }
  ],
  "configurations_not_built": [],
  "consumers": {
    "declared": 0,
    "loaded": [],
    "unavailable": []
  },
  "findings": [
    {
      "code": "DS1002",
      "kind": "unused-unexported",
      "language": "go",
      "position": {
        "path": "catalog/catalog.go",
        "line": 13,
        "column": 6,
        "end_line": 13
      },
      "symbol": {
        "ref": "go://example.com/app/catalog#helper",
        "kind": "function",
        "name": "helper",
        "size_lines": 1
      },
      "reachability_class": "certain",
      "confidence": "certain",
      "liveness_relation": "reference-counting",
      "test_only": false,
      "generated": false,
      "component": {
        "id": "deadset-go/c-2",
        "root": true,
        "symbol_count": 1,
        "deletable_lines": 1
      },
      "retained_by": [],
      "configurations": [
        "linux-amd64"
      ],
      "consumers_loaded": [],
      "fixability": "deletable",
      "severity": "deny",
      "message": "unexported function has no reference in the target",
      "details": {}
    },
    {
      "code": "DS1003",
      "kind": "unused-member",
      "language": "go",
      "position": {
        "path": "catalog/catalog.go",
        "line": 27,
        "column": 2,
        "end_line": 27
      },
      "symbol": {
        "ref": "go://example.com/app/catalog#Counter.stale",
        "kind": "field",
        "name": "Counter.stale",
        "size_lines": 1
      },
      "reachability_class": "certain",
      "confidence": "certain",
      "liveness_relation": "reference-counting",
      "test_only": false,
      "generated": false,
      "component": {
        "id": "deadset-go/c-3",
        "root": true,
        "symbol_count": 1,
        "deletable_lines": 1
      },
      "retained_by": [],
      "configurations": [
        "linux-amd64"
      ],
      "consumers_loaded": [],
      "fixability": "deletable",
      "severity": "deny",
      "message": "unexported field has no reference in the target",
      "details": {}
    }
  ],
  "edge_evaluations": [],
  "stale_suppressions": [],
  "declared_gaps": [],
  "excluded_by_cgo": [],
  "test_file_rules": [
    {
      "rule": "go-test-suffix",
      "matched": 0
    }
  ],
  "totals": {
    "findings": 2,
    "by_severity": {
      "allow": 0,
      "warn": 0,
      "deny": 2
    },
    "deletable_lines": 2,
    "suppressions_in_effect": 0,
    "reasons_recorded": 0,
    "stale_suppressions": 0,
    "pending": 0,
    "omitted": 0
  }
}
