{
  "schema_version": "5.0.0",
  "contract_version": "1.7.0",
  "analyzer": {
    "name": "deadset-go",
    "version": "1.6.0",
    "languages": [
      "go"
    ],
    "schema_versions_accepted": [
      "5.0.0"
    ],
    "conformance": {
      "corpus_version": "1.0.0",
      "result": "pass",
      "digest": "sha256:abababababababababababababababababababababababababababababababab"
    }
  },
  "target": {
    "kind": "application",
    "root": ".",
    "identity": "example.com/app"
  },
  "configurations": [
    {
      "id": "linux-amd64",
      "os": "linux",
      "arch": "amd64",
      "tags": []
    }
  ],
  "configurations_not_built": [],
  "consumers": {
    "declared": 0,
    "loaded": [],
    "unavailable": []
  },
  "findings": [
    {
      "code": "DS1201",
      "kind": "unused-interface",
      "language": "go",
      "position": {
        "path": "main.go",
        "line": 4,
        "column": 6,
        "end_line": 7
      },
      "symbol": {
        "ref": "go://example.com/app#Reader",
        "kind": "interface",
        "name": "Reader",
        "size_lines": 4
      },
      "reachability_class": "certain",
      "confidence": "certain",
      "liveness_relation": "reference-counting",
      "test_only": false,
      "generated": false,
      "component": {
        "id": "deadset-go/c-1",
        "root": true,
        "symbol_count": 3,
        "deletable_lines": 6
      },
      "retained_by": [],
      "configurations": [
        "linux-amd64"
      ],
      "consumers_loaded": [],
      "fixability": "deletable",
      "severity": "deny",
      "message": "nothing in the target names the interface as a type",
      "details": {
        "implementations": [
          {
            "ref": "go://example.com/app#file",
            "name": "file",
            "position": {
              "path": "main.go",
              "line": 9,
              "column": 6,
              "end_line": 9
            }
          },
          {
            "ref": "go://example.com/app#socket",
            "name": "socket",
            "position": {
              "path": "main.go",
              "line": 15,
              "column": 6,
              "end_line": 15
            }
          }
        ]
      }
    },
    {
      "code": "DS1101",
      "kind": "unnecessary-export",
      "language": "go",
      "position": {
        "path": "main.go",
        "line": 11,
        "column": 15,
        "end_line": 11
      },
      "symbol": {
        "ref": "go://example.com/app#file.Read",
        "kind": "method",
        "name": "file.Read",
        "size_lines": 1
      },
      "reachability_class": "certain",
      "confidence": "certain",
      "test_only": false,
      "generated": false,
      "component": {
        "id": "deadset-go/c-2",
        "root": true,
        "symbol_count": 1,
        "deletable_lines": 0
      },
      "retained_by": [],
      "configurations": [
        "linux-amd64"
      ],
      "consumers_loaded": [],
      "fixability": "narrowable",
      "severity": "warn",
      "message": "exported method is referenced only inside the file that declares it",
      "details": {
        "narrower_visibility": "file"
      }
    },
    {
      "code": "DS1101",
      "kind": "unnecessary-export",
      "language": "go",
      "position": {
        "path": "main.go",
        "line": 13,
        "column": 15,
        "end_line": 13
      },
      "symbol": {
        "ref": "go://example.com/app#file.Close",
        "kind": "method",
        "name": "file.Close",
        "size_lines": 1
      },
      "reachability_class": "certain",
      "confidence": "certain",
      "test_only": false,
      "generated": false,
      "component": {
        "id": "deadset-go/c-3",
        "root": true,
        "symbol_count": 1,
        "deletable_lines": 0
      },
      "retained_by": [],
      "configurations": [
        "linux-amd64"
      ],
      "consumers_loaded": [],
      "fixability": "narrowable",
      "severity": "warn",
      "message": "exported method is referenced only inside the file that declares it",
      "details": {
        "narrower_visibility": "file"
      }
    },
    {
      "code": "DS1101",
      "kind": "unnecessary-export",
      "language": "go",
      "position": {
        "path": "main.go",
        "line": 17,
        "column": 18,
        "end_line": 17
      },
      "symbol": {
        "ref": "go://example.com/app#socket.Read",
        "kind": "method",
        "name": "(*socket).Read",
        "size_lines": 1
      },
      "reachability_class": "certain",
      "confidence": "certain",
      "test_only": false,
      "generated": false,
      "component": {
        "id": "deadset-go/c-4",
        "root": true,
        "symbol_count": 1,
        "deletable_lines": 0
      },
      "retained_by": [],
      "configurations": [
        "linux-amd64"
      ],
      "consumers_loaded": [],
      "fixability": "narrowable",
      "severity": "warn",
      "message": "exported method is referenced only inside the file that declares it",
      "details": {
        "narrower_visibility": "file"
      }
    },
    {
      "code": "DS1101",
      "kind": "unnecessary-export",
      "language": "go",
      "position": {
        "path": "main.go",
        "line": 19,
        "column": 18,
        "end_line": 19
      },
      "symbol": {
        "ref": "go://example.com/app#socket.Close",
        "kind": "method",
        "name": "(*socket).Close",
        "size_lines": 1
      },
      "reachability_class": "certain",
      "confidence": "certain",
      "test_only": false,
      "generated": false,
      "component": {
        "id": "deadset-go/c-5",
        "root": true,
        "symbol_count": 1,
        "deletable_lines": 0
      },
      "retained_by": [],
      "configurations": [
        "linux-amd64"
      ],
      "consumers_loaded": [],
      "fixability": "narrowable",
      "severity": "warn",
      "message": "exported method is referenced only inside the file that declares it",
      "details": {
        "narrower_visibility": "file"
      }
    }
  ],
  "edge_evaluations": [],
  "stale_suppressions": [],
  "declared_gaps": [],
  "excluded_by_cgo": [],
  "test_file_rules": [
    {
      "rule": "go-test-suffix",
      "matched": 0
    }
  ],
  "totals": {
    "findings": 5,
    "by_severity": {
      "allow": 0,
      "warn": 4,
      "deny": 1
    },
    "deletable_lines": 6,
    "suppressions_in_effect": 0,
    "reasons_recorded": 0,
    "stale_suppressions": 0,
    "pending": 0,
    "omitted": 0
  }
}
