{
  "schema_version": "4.0.0",
  "contract_version": "1.6.0",
  "analyzer": {
    "name": "deadset-go",
    "version": "1.6.0",
    "languages": [
      "go"
    ],
    "schema_versions_accepted": [
      "4.0.0"
    ],
    "conformance": {
      "corpus_version": "1.0.0",
      "result": "pass",
      "digest": "sha256:abababababababababababababababababababababababababababababababab"
    }
  },
  "target": {
    "kind": "library",
    "root": ".",
    "identity": "example.com/app"
  },
  "configurations": [
    {
      "id": "linux-amd64",
      "os": "linux",
      "arch": "amd64",
      "tags": []
    }
  ],
  "consumers": {
    "declared": 0,
    "loaded": [],
    "unavailable": []
  },
  "findings": [
    {
      "code": "DS1103",
      "kind": "unreachable-export",
      "language": "go",
      "position": {
        "path": "catalog/ext_test.go",
        "line": 4,
        "column": 6,
        "end_line": 4
      },
      "symbol": {
        "ref": "go://example.com/app/catalog_test#UnusedInTest",
        "kind": "function",
        "name": "UnusedInTest",
        "size_lines": 1
      },
      "reachability_class": "certain",
      "confidence": "certain",
      "liveness_relation": "reference-counting",
      "test_only": false,
      "generated": false,
      "component": {
        "id": "deadset-go/c-2",
        "root": true,
        "symbol_count": 1,
        "deletable_lines": 1
      },
      "retained_by": [],
      "configurations": [
        "linux-amd64"
      ],
      "consumers_loaded": [],
      "fixability": "deletable",
      "severity": "deny",
      "message": "exported function has no reference in the target, and nothing outside can import the package that declares it",
      "details": {}
    },
    {
      "code": "DS1103",
      "kind": "unreachable-export",
      "language": "go",
      "position": {
        "path": "cmd/app/main.go",
        "line": 8,
        "column": 6,
        "end_line": 8
      },
      "symbol": {
        "ref": "go://example.com/app/cmd/app#Unused",
        "kind": "function",
        "name": "Unused",
        "size_lines": 1
      },
      "reachability_class": "certain",
      "confidence": "certain",
      "liveness_relation": "reference-counting",
      "test_only": false,
      "generated": false,
      "component": {
        "id": "deadset-go/c-3",
        "root": true,
        "symbol_count": 1,
        "deletable_lines": 1
      },
      "retained_by": [],
      "configurations": [
        "linux-amd64"
      ],
      "consumers_loaded": [],
      "fixability": "deletable",
      "severity": "deny",
      "message": "exported function has no reference in the target, and nothing outside can import the package that declares it",
      "details": {}
    },
    {
      "code": "DS1101",
      "kind": "unnecessary-export",
      "language": "go",
      "position": {
        "path": "cmd/app/run.go",
        "line": 4,
        "column": 6,
        "end_line": 4
      },
      "symbol": {
        "ref": "go://example.com/app/cmd/app#Run",
        "kind": "function",
        "name": "Run",
        "size_lines": 1
      },
      "reachability_class": "certain",
      "confidence": "certain",
      "test_only": false,
      "generated": false,
      "component": {
        "id": "deadset-go/c-8",
        "root": true,
        "symbol_count": 1,
        "deletable_lines": 0
      },
      "retained_by": [],
      "configurations": [
        "linux-amd64"
      ],
      "consumers_loaded": [],
      "fixability": "narrowable",
      "severity": "warn",
      "message": "exported function is referenced only inside the package that declares it",
      "details": {
        "narrower_visibility": "package"
      }
    },
    {
      "code": "DS1101",
      "kind": "unnecessary-export",
      "language": "go",
      "position": {
        "path": "internal/store/helper.go",
        "line": 4,
        "column": 6,
        "end_line": 4
      },
      "symbol": {
        "ref": "go://example.com/app/internal/store#Helper",
        "kind": "function",
        "name": "Helper",
        "size_lines": 1
      },
      "reachability_class": "certain",
      "confidence": "certain",
      "test_only": false,
      "generated": false,
      "component": {
        "id": "deadset-go/c-9",
        "root": true,
        "symbol_count": 1,
        "deletable_lines": 0
      },
      "retained_by": [],
      "configurations": [
        "linux-amd64"
      ],
      "consumers_loaded": [],
      "fixability": "narrowable",
      "severity": "warn",
      "message": "exported function is referenced only inside the package that declares it",
      "details": {
        "narrower_visibility": "package"
      }
    },
    {
      "code": "DS1103",
      "kind": "unreachable-export",
      "language": "go",
      "position": {
        "path": "internal/store/open.go",
        "line": 7,
        "column": 6,
        "end_line": 7
      },
      "symbol": {
        "ref": "go://example.com/app/internal/store#UnusedInternal",
        "kind": "function",
        "name": "UnusedInternal",
        "size_lines": 1
      },
      "reachability_class": "certain",
      "confidence": "certain",
      "liveness_relation": "reference-counting",
      "test_only": false,
      "generated": false,
      "component": {
        "id": "deadset-go/c-4",
        "root": true,
        "symbol_count": 2,
        "deletable_lines": 2
      },
      "retained_by": [],
      "configurations": [
        "linux-amd64"
      ],
      "consumers_loaded": [],
      "fixability": "deletable",
      "severity": "deny",
      "message": "exported function has no reference in the target, and nothing outside can import the package that declares it",
      "details": {}
    },
    {
      "code": "DS1103",
      "kind": "unreachable-export",
      "language": "go",
      "position": {
        "path": "internal/store/open.go",
        "line": 10,
        "column": 6,
        "end_line": 10
      },
      "symbol": {
        "ref": "go://example.com/app/internal/store#Forgotten",
        "kind": "function",
        "name": "Forgotten",
        "size_lines": 1
      },
      "reachability_class": "certain",
      "confidence": "certain",
      "liveness_relation": "reachability",
      "test_only": false,
      "generated": false,
      "component": {
        "id": "deadset-go/c-7",
        "root": false,
        "symbol_count": 1,
        "deletable_lines": 1
      },
      "retained_by": [],
      "configurations": [
        "linux-amd64"
      ],
      "consumers_loaded": [],
      "fixability": "deletable",
      "severity": "deny",
      "message": "exported function is referenced only from declarations that are themselves dead, and nothing outside can import the package that declares it",
      "details": {}
    },
    {
      "code": "DS1004",
      "kind": "test-only-use",
      "language": "go",
      "position": {
        "path": "internal/store/probe.go",
        "line": 4,
        "column": 6,
        "end_line": 4
      },
      "symbol": {
        "ref": "go://example.com/app/internal/store#Probe",
        "kind": "function",
        "name": "Probe",
        "size_lines": 1
      },
      "reachability_class": "certain",
      "confidence": "certain",
      "liveness_relation": "reference-counting",
      "test_only": true,
      "generated": false,
      "component": {
        "id": "deadset-go/c-5",
        "root": true,
        "symbol_count": 2,
        "deletable_lines": 6
      },
      "retained_by": [],
      "configurations": [
        "linux-amd64"
      ],
      "consumers_loaded": [],
      "fixability": "deletable",
      "severity": "deny",
      "message": "function is referenced only from test files and never from production code",
      "details": {}
    },
    {
      "code": "DS1005",
      "kind": "test-of-dead-code",
      "language": "go",
      "position": {
        "path": "internal/store/probe_test.go",
        "line": 5,
        "column": 6,
        "end_line": 9
      },
      "symbol": {
        "ref": "go://example.com/app/internal/store#TestProbe",
        "kind": "function",
        "name": "TestProbe",
        "size_lines": 5
      },
      "reachability_class": "certain",
      "confidence": "certain",
      "liveness_relation": "reference-counting",
      "test_only": false,
      "generated": false,
      "component": {
        "id": "deadset-go/c-5",
        "root": true,
        "symbol_count": 2,
        "deletable_lines": 6
      },
      "retained_by": [],
      "configurations": [
        "linux-amd64"
      ],
      "consumers_loaded": [],
      "fixability": "deletable",
      "severity": "deny",
      "message": "every target symbol this test references is reported dead",
      "details": {}
    }
  ],
  "edge_evaluations": [],
  "stale_suppressions": [],
  "declared_gaps": [],
  "excluded_by_cgo": [],
  "test_file_rules": [
    {
      "rule": "go-test-suffix",
      "matched": 2
    }
  ],
  "totals": {
    "findings": 8,
    "by_severity": {
      "allow": 0,
      "warn": 2,
      "deny": 6
    },
    "deletable_lines": 10,
    "suppressions_in_effect": 0,
    "reasons_recorded": 0,
    "stale_suppressions": 0,
    "pending": 0,
    "omitted": 0
  }
}
