main.go:4:5: variable tally: variable tally is written at 2 positions and never read [certain] (DS1301)
main.go:14:2: field counter.hits: field counter.hits is written once and never read [certain] (DS1301)
summary: 2 findings (0 allow, 0 warn, 2 deny), 0 deletable lines, 0 suppressions in effect, 0 reasons recorded, 0 stale suppressions, 0 pending, 0 omitted
